// Jest Snapshot v1, https://goo.gl/fbAQLP

exports[`WeatherHeader matches snapshot 1`] = `
<div>
  <div
    class="sc-bdvvtL sc-dkPtRN dzyvjz ffyhVb"
  >
    <div
      class="sc-hKwDye jxGrwj"
    >
      <svg
        fill="currentColor"
        height="35"
        stroke="currentColor"
        stroke-width="0"
        viewBox="0 0 24 24"
        width="35"
        xmlns="http://www.w3.org/2000/svg"
      >
        <g>
          <path
            d="M0 0h24v24H0z"
            fill="none"
          />
          <path
            d="M12 22C6.477 22 2 17.523 2 12S6.477 2 12 2s10 4.477 10 10-4.477 10-10 10zm0-2a8 8 0 1 0 0-16 8 8 0 0 0 0 16zm3.5-11.5l-2 5-5 2 2-5 5-2z"
          />
        </g>
      </svg>
    </div>
    <div
      class="_1EEDX _3sXmF _3qwMT sc-eCImPb capuZz"
    >
      Informe sua cidade
    </div>
  </div>
</div>
`;
