// Jest Snapshot v1, https://goo.gl/fbAQLP

exports[`App.vue Deve renderizar sem falhas 1`] = `
<section id="app" class="app" style="background-image: url(https://bing.com/th?id=OHR.DenaliCaribou_ROW5992360682_1920x1080.jpg&amp;rf=LaDigue_1920x1080.jpg&amp;pid=hp);">
    <router-view-stub></router-view-stub>
</section>
`;
