// Jest Snapshot v1, https://goo.gl/fbAQLP

exports[`components - <Input /> should render correctly 1`] = `
.c0 {
  display: -webkit-box;
  display: -webkit-flex;
  display: -ms-flexbox;
  display: flex;
  gap: 1rem;
  -webkit-align-items: center;
  -webkit-box-align: center;
  -ms-flex-align: center;
  align-items: center;
  width: 100%;
  padding: 1rem 0.5rem;
  opacity: 0.85;
  background: #E1E1E6;
}

.c0:has(input:focus) {
  opacity: 1;
}

.c1 {
  border: 0;
  width: 100%;
  font-weight: 500;
  background: transparent;
  color: #7A7673;
  font-size: 2rem;
}

.c1:focus {
  outline: 0;
}

.c1::-webkit-input-placeholder {
  color: #8F8F8F;
}

.c1::-moz-placeholder {
  color: #8F8F8F;
}

.c1:-ms-input-placeholder {
  color: #8F8F8F;
}

.c1::placeholder {
  color: #8F8F8F;
}

@media (max-width:600px) {
  .c0 {
    gap: $8;
  }

  .c0 img {
    width: 40;
    height: 40;
  }
}

@media (max-width:600px) {
  .c1 {
    font-size: 1.5rem;
  }
}

<div>
  <div
    class="c0"
  >
    <input
      class="c1"
    />
  </div>
</div>
`;
